﻿
> gestor-financeiro-frontend@0.1.0 build
> tsc && vite build

[36mvite v8.0.8 [32mbuilding client environment for production...[36m[39m
[2K
transforming...Ô£ô 135 modules transformed.
node.exe : [31mÔ£ù[39m Build failed in 196ms
No linha:1 caractere:1
+ & "C:\Program Files\nodejs/node.exe" "C:\Users\lucas\AppData\Roaming\ ...
+ ~~~~~~~~~~~~~~~~~~~~~~~~~~~~~~~~~~~~~~~~~~~~~~~~~~~~~~~~~~~~~~~~~~~~~
    + CategoryInfo          : NotSpecified: ([31mÔ£ù[39m Build failed in 196ms:String) [], RemoteException
    + FullyQualifiedErrorId : NativeCommandError
 
[31merror during build:
[31mBuild failed with 1 error:

[plugin vite:css] C:/Users/lucas/OneDrive/Documentos/GESTOR FINANCEIRO/frontend/src/styles.css:986:0
CssSyntaxError: [postcss] C:/Users/lucas/OneDrive/Documentos/GESTOR FINANCEIRO/frontend/src/styles.css:986:1: Unclosed 
block
    at Input.error (C:\Users\lucas\OneDrive\Documentos\GESTOR 
FINANCEIRO\frontend\node_modules\postcss\lib\input.js:135:16)
    at Parser.unclosedBlock (C:\Users\lucas\OneDrive\Documentos\GESTOR 
FINANCEIRO\frontend\node_modules\postcss\lib\parser.js:575:22)
    at Parser.endFile (C:\Users\lucas\OneDrive\Documentos\GESTOR 
FINANCEIRO\frontend\node_modules\postcss\lib\parser.js:335:35)
    at Parser.parse (C:\Users\lucas\OneDrive\Documentos\GESTOR 
FINANCEIRO\frontend\node_modules\postcss\lib\parser.js:476:10)
    at parse (C:\Users\lucas\OneDrive\Documentos\GESTOR FINANCEIRO\frontend\node_modules\postcss\lib\parse.js:11:12)
    at new LazyResult (C:\Users\lucas\OneDrive\Documentos\GESTOR 
FINANCEIRO\frontend\node_modules\postcss\lib\lazy-result.js:165:16)
    at Processor.process (C:\Users\lucas\OneDrive\Documentos\GESTOR 
FINANCEIRO\frontend\node_modules\postcss\lib\processor.js:53:14)
    at runPostCSS (file:///C:/Users/lucas/OneDrive/Documentos/GESTOR%20FINANCEIRO/frontend/node_modules/vite/dist/node/
chunks/node.js:21003:66)
    at async compilePostCSS (file:///C:/Users/lucas/OneDrive/Documentos/GESTOR%20FINANCEIRO/frontend/node_modules/vite/
dist/node/chunks/node.js:20987:6)
    at async compileCSS (file:///C:/Users/lucas/OneDrive/Documentos/GESTOR%20FINANCEIRO/frontend/node_modules/vite/dist
/node/chunks/node.js:20917:26)[31m
    at aggregateBindingErrorsIntoJsError (file:///C:/Users/lucas/OneDrive/Documentos/GESTOR%20FINANCEIRO/frontend/node_
modules/rolldown/dist/shared/error-w0u7biK-.mjs:48:18)
    at unwrapBindingResult (file:///C:/Users/lucas/OneDrive/Documentos/GESTOR%20FINANCEIRO/frontend/node_modules/rolldo
wn/dist/shared/error-w0u7biK-.mjs:18:128)
    at #build (file:///C:/Users/lucas/OneDrive/Documentos/GESTOR%20FINANCEIRO/frontend/node_modules/rolldown/dist/share
d/rolldown-build-DtGk-m96.mjs:3313:34)
    at async buildEnvironment (file:///C:/Users/lucas/OneDrive/Documentos/GESTOR%20FINANCEIRO/frontend/node_modules/vit
e/dist/node/chunks/node.js:32954:64)
    at async Object.build (file:///C:/Users/lucas/OneDrive/Documentos/GESTOR%20FINANCEIRO/frontend/node_modules/vite/di
st/node/chunks/node.js:33376:19)
    at async Object.buildApp (file:///C:/Users/lucas/OneDrive/Documentos/GESTOR%20FINANCEIRO/frontend/node_modules/vite
/dist/node/chunks/node.js:33373:153)
    at async CAC.<anonymous> 
(file:///C:/Users/lucas/OneDrive/Documentos/GESTOR%20FINANCEIRO/frontend/node_modules/vite/dist/node/cli.js:778:3) {
  errors: [Getter/Setter]
}[39m
